---
http_interactions:
- request:
    method: post
    uri: https://monitoring.us-east-1.amazonaws.com/
    body:
      encoding: UTF-8
      string: '{"Dimensions":[{"Name":"InstanceId","Value":"i-00bbde5716f0d890b"}]}'
    headers:
      Accept-Encoding:
      - ''
      Amz-Sdk-Invocation-Id:
      - f199dc6f-0509-4745-976c-54f626bcb9ea
      Content-Type:
      - application/x-amz-json-1.0
      X-Amz-Target:
      - GraniteServiceVersion20100801.ListMetrics
      X-Amzn-Query-Mode:
      - 'true'
      X-Amz-Date:
      - 20260105T185715Z
      X-Amz-Content-Sha256:
      - b57eb91be5689ad0cf7543cf71b04569809f9374b8d8d377a29a2ae5963a1511
      Authorization:
      - AWS4-HMAC-SHA256 Credential=AMAZON_CLIENT_ID/20260105/us-east-1/monitoring/aws4_request,
        SignedHeaders=amz-sdk-invocation-id;content-type;host;x-amz-content-sha256;x-amz-date;x-amz-target;x-amzn-query-mode,
        Signature=ca2abfc7644859b56c0ea24f3456accbe129304703455f5457c7d5b66d3a0051
      User-Agent:
      - aws-sdk-ruby3/3.240.0 ua/2.1 api/cloudwatch#1.126.0 os/linux#gnu md/x86_64
        lang/ruby#3.3.8 md/3.3.8 m/Z,b,D,e
      Content-Length:
      - '68'
      Accept:
      - "*/*"
  response:
    status:
      code: 200
      message: OK
    headers:
      X-Amzn-Requestid:
      - 0e6164ce-ff6c-491e-8268-1413b4c38d1e
      Content-Type:
      - application/x-amz-json-1.0
      Content-Length:
      - '10680'
      Date:
      - Mon, 05 Jan 2026 18:57:15 GMT
    body:
      encoding: UTF-8
      string: '{"Metrics":[{"Dimensions":[{"Name":"InstanceId","Value":"i-00bbde5716f0d890b"}],"MetricName":"CPUCreditBalance","Namespace":"AWS/EC2"},{"Dimensions":[{"Name":"InstanceId","Value":"i-00bbde5716f0d890b"}],"MetricName":"EBSReadOps","Namespace":"AWS/EC2"},{"Dimensions":[{"Name":"VolumeId","Value":"vol-06a0ebcd80fd200e8"},{"Name":"InstanceId","Value":"i-00bbde5716f0d890b"}],"MetricName":"VolumeIOPSExceededCheck","Namespace":"AWS/EBS"},{"Dimensions":[{"Name":"InstanceId","Value":"i-00bbde5716f0d890b"}],"MetricName":"EBSReadBytes","Namespace":"AWS/EC2"},{"Dimensions":[{"Name":"InstanceId","Value":"i-00bbde5716f0d890b"}],"MetricName":"InstanceEBSThroughputExceededCheck","Namespace":"AWS/EC2"},{"Dimensions":[{"Name":"InstanceId","Value":"i-00bbde5716f0d890b"}],"MetricName":"CPUUtilization","Namespace":"AWS/EC2"},{"Dimensions":[{"Name":"InstanceId","Value":"i-00bbde5716f0d890b"}],"MetricName":"CPUCreditUsage","Namespace":"AWS/EC2"},{"Dimensions":[{"Name":"InstanceId","Value":"i-00bbde5716f0d890b"}],"MetricName":"StatusCheckFailed_Instance","Namespace":"AWS/EC2"},{"Dimensions":[{"Name":"InstanceId","Value":"i-00bbde5716f0d890b"}],"MetricName":"StatusCheckFailed_System","Namespace":"AWS/EC2"},{"Dimensions":[{"Name":"InstanceId","Value":"i-00bbde5716f0d890b"}],"MetricName":"NetworkPacketsOut","Namespace":"AWS/EC2"},{"Dimensions":[{"Name":"VolumeId","Value":"vol-06a0ebcd80fd200e8"},{"Name":"InstanceId","Value":"i-00bbde5716f0d890b"}],"MetricName":"VolumeAvgReadLatency","Namespace":"AWS/EBS"},{"Dimensions":[{"Name":"InstanceId","Value":"i-00bbde5716f0d890b"}],"MetricName":"EBSWriteBytes","Namespace":"AWS/EC2"},{"Dimensions":[{"Name":"InstanceId","Value":"i-00bbde5716f0d890b"}],"MetricName":"StatusCheckFailed_AttachedEBS","Namespace":"AWS/EC2"},{"Dimensions":[{"Name":"InstanceId","Value":"i-00bbde5716f0d890b"}],"MetricName":"CPUSurplusCreditsCharged","Namespace":"AWS/EC2"},{"Dimensions":[{"Name":"InstanceId","Value":"i-00bbde5716f0d890b"}],"MetricName":"StatusCheckFailed","Namespace":"AWS/EC2"},{"Dimensions":[{"Name":"VolumeId","Value":"vol-06a0ebcd80fd200e8"},{"Name":"InstanceId","Value":"i-00bbde5716f0d890b"}],"MetricName":"VolumeAvgIOPS","Namespace":"AWS/EBS"},{"Dimensions":[{"Name":"InstanceId","Value":"i-00bbde5716f0d890b"}],"MetricName":"NetworkPacketsIn","Namespace":"AWS/EC2"},{"Dimensions":[{"Name":"InstanceId","Value":"i-00bbde5716f0d890b"}],"MetricName":"EBSIOBalance%","Namespace":"AWS/EC2"},{"Dimensions":[{"Name":"InstanceId","Value":"i-00bbde5716f0d890b"}],"MetricName":"EBSWriteOps","Namespace":"AWS/EC2"},{"Dimensions":[{"Name":"InstanceId","Value":"i-00bbde5716f0d890b"}],"MetricName":"EBSByteBalance%","Namespace":"AWS/EC2"},{"Dimensions":[{"Name":"VolumeId","Value":"vol-06a0ebcd80fd200e8"},{"Name":"InstanceId","Value":"i-00bbde5716f0d890b"}],"MetricName":"VolumeAvgThroughput","Namespace":"AWS/EBS"},{"Dimensions":[{"Name":"VolumeId","Value":"vol-06a0ebcd80fd200e8"},{"Name":"InstanceId","Value":"i-00bbde5716f0d890b"}],"MetricName":"VolumeThroughputExceededCheck","Namespace":"AWS/EBS"},{"Dimensions":[{"Name":"VolumeId","Value":"vol-06a0ebcd80fd200e8"},{"Name":"InstanceId","Value":"i-00bbde5716f0d890b"}],"MetricName":"VolumeAvgWriteLatency","Namespace":"AWS/EBS"},{"Dimensions":[{"Name":"InstanceId","Value":"i-00bbde5716f0d890b"}],"MetricName":"CPUSurplusCreditBalance","Namespace":"AWS/EC2"},{"Dimensions":[{"Name":"InstanceId","Value":"i-00bbde5716f0d890b"}],"MetricName":"NetworkOut","Namespace":"AWS/EC2"},{"Dimensions":[{"Name":"InstanceId","Value":"i-00bbde5716f0d890b"}],"MetricName":"InstanceEBSIOPSExceededCheck","Namespace":"AWS/EC2"},{"Dimensions":[{"Name":"VolumeId","Value":"vol-06a0ebcd80fd200e8"},{"Name":"InstanceId","Value":"i-00bbde5716f0d890b"}],"MetricName":"VolumeStalledIOCheck","Namespace":"AWS/EBS"},{"Dimensions":[{"Name":"InstanceId","Value":"i-00bbde5716f0d890b"}],"MetricName":"NetworkIn","Namespace":"AWS/EC2"},{"Dimensions":[{"Name":"path","Value":"/var/lib/docker/overlay2/000e8de47005bc94ecefd87e210a0d8f871afb0b5e659f5967e1c8582230c9e5/merged"},{"Name":"InstanceId","Value":"i-00bbde5716f0d890b"},{"Name":"device","Value":"overlay"},{"Name":"fstype","Value":"overlay"}],"MetricName":"disk_used_percent","Namespace":"CWAgent"},{"Dimensions":[{"Name":"path","Value":"/var/lib/docker/overlay2/af3fbe81e7c15638ce29aebd73c91bf63f4f52d433751abb84add2f0b193e285/merged"},{"Name":"InstanceId","Value":"i-00bbde5716f0d890b"},{"Name":"device","Value":"overlay"},{"Name":"fstype","Value":"overlay"}],"MetricName":"disk_used_percent","Namespace":"CWAgent"},{"Dimensions":[{"Name":"path","Value":"/var/lib/docker/overlay2/47ccecaa2b19ddeb7465732dd2dc7542cd6e034f43a1c4dc739dedb0785937ac/merged"},{"Name":"InstanceId","Value":"i-00bbde5716f0d890b"},{"Name":"device","Value":"overlay"},{"Name":"fstype","Value":"overlay"}],"MetricName":"disk_used_percent","Namespace":"CWAgent"},{"Dimensions":[{"Name":"path","Value":"/var/lib/docker/overlay2/9294059652adef3e8a99cee5f3c1aa4fb9c41516d2e9ec2a3e31236211210b3c/merged"},{"Name":"InstanceId","Value":"i-00bbde5716f0d890b"},{"Name":"device","Value":"overlay"},{"Name":"fstype","Value":"overlay"}],"MetricName":"disk_used_percent","Namespace":"CWAgent"},{"Dimensions":[{"Name":"path","Value":"/"},{"Name":"InstanceId","Value":"i-00bbde5716f0d890b"},{"Name":"device","Value":"nvme0n1p1"},{"Name":"fstype","Value":"ext4"}],"MetricName":"disk_used_percent","Namespace":"CWAgent"},{"Dimensions":[{"Name":"path","Value":"/var/lib/docker/overlay2/20441c35e8dc450bb2ff81c6c84f0c8a8e485eaa30beb4f708792e3f4a9efa7b/merged"},{"Name":"InstanceId","Value":"i-00bbde5716f0d890b"},{"Name":"device","Value":"overlay"},{"Name":"fstype","Value":"overlay"}],"MetricName":"disk_used_percent","Namespace":"CWAgent"},{"Dimensions":[{"Name":"path","Value":"/var/lib/docker/overlay2/4391d6ef2508c3da417f8738559d0da00bb828eeecf724000f40977db1a1501b/merged"},{"Name":"InstanceId","Value":"i-00bbde5716f0d890b"},{"Name":"device","Value":"overlay"},{"Name":"fstype","Value":"overlay"}],"MetricName":"disk_used_percent","Namespace":"CWAgent"},{"Dimensions":[{"Name":"path","Value":"/run/credentials/getty@tty1.service"},{"Name":"InstanceId","Value":"i-00bbde5716f0d890b"},{"Name":"device","Value":"tmpfs"},{"Name":"fstype","Value":"tmpfs"}],"MetricName":"disk_used_percent","Namespace":"CWAgent"},{"Dimensions":[{"Name":"path","Value":"/var/lib/docker/overlay2/9bafc475e02caa6e05fdf4f799f8e7161d83e64c52ddc36ed6c1e2065353c71c/merged"},{"Name":"InstanceId","Value":"i-00bbde5716f0d890b"},{"Name":"device","Value":"overlay"},{"Name":"fstype","Value":"overlay"}],"MetricName":"disk_used_percent","Namespace":"CWAgent"},{"Dimensions":[{"Name":"path","Value":"/run"},{"Name":"InstanceId","Value":"i-00bbde5716f0d890b"},{"Name":"device","Value":"tmpfs"},{"Name":"fstype","Value":"tmpfs"}],"MetricName":"disk_used_percent","Namespace":"CWAgent"},{"Dimensions":[{"Name":"InstanceId","Value":"i-00bbde5716f0d890b"}],"MetricName":"swap_used_percent","Namespace":"CWAgent"},{"Dimensions":[{"Name":"path","Value":"/var/lib/docker/overlay2/4ec84cb5288cd712416099bd2449801b5fcc847afaab4262a9fcdd911864122a/merged"},{"Name":"InstanceId","Value":"i-00bbde5716f0d890b"},{"Name":"device","Value":"overlay"},{"Name":"fstype","Value":"overlay"}],"MetricName":"disk_used_percent","Namespace":"CWAgent"},{"Dimensions":[{"Name":"path","Value":"/dev/shm"},{"Name":"InstanceId","Value":"i-00bbde5716f0d890b"},{"Name":"device","Value":"tmpfs"},{"Name":"fstype","Value":"tmpfs"}],"MetricName":"disk_used_percent","Namespace":"CWAgent"},{"Dimensions":[{"Name":"path","Value":"/tmp"},{"Name":"InstanceId","Value":"i-00bbde5716f0d890b"},{"Name":"device","Value":"tmpfs"},{"Name":"fstype","Value":"tmpfs"}],"MetricName":"disk_used_percent","Namespace":"CWAgent"},{"Dimensions":[{"Name":"path","Value":"/var/lib/docker/overlay2/542bfb773df8f99afb7af53710d68316ce7f51eb31664879f74c17f64a7dd6f0/merged"},{"Name":"InstanceId","Value":"i-00bbde5716f0d890b"},{"Name":"device","Value":"overlay"},{"Name":"fstype","Value":"overlay"}],"MetricName":"disk_used_percent","Namespace":"CWAgent"},{"Dimensions":[{"Name":"path","Value":"/run/user/1000"},{"Name":"InstanceId","Value":"i-00bbde5716f0d890b"},{"Name":"device","Value":"tmpfs"},{"Name":"fstype","Value":"tmpfs"}],"MetricName":"disk_used_percent","Namespace":"CWAgent"},{"Dimensions":[{"Name":"path","Value":"/run/lock"},{"Name":"InstanceId","Value":"i-00bbde5716f0d890b"},{"Name":"device","Value":"tmpfs"},{"Name":"fstype","Value":"tmpfs"}],"MetricName":"disk_used_percent","Namespace":"CWAgent"},{"Dimensions":[{"Name":"path","Value":"/var/lib/docker/overlay2/72fd07de66fe5e9da6f96d02fc72a268272dc3634752651734dd3e36b318cc16/merged"},{"Name":"InstanceId","Value":"i-00bbde5716f0d890b"},{"Name":"device","Value":"overlay"},{"Name":"fstype","Value":"overlay"}],"MetricName":"disk_used_percent","Namespace":"CWAgent"},{"Dimensions":[{"Name":"path","Value":"/dev"},{"Name":"InstanceId","Value":"i-00bbde5716f0d890b"},{"Name":"device","Value":"udev"},{"Name":"fstype","Value":"devtmpfs"}],"MetricName":"disk_used_percent","Namespace":"CWAgent"},{"Dimensions":[{"Name":"path","Value":"/var/lib/docker/overlay2/0f08f4aa28d97141606976e641b7a7d1f27868b7d95135e2950aea2ad73c0f49/merged"},{"Name":"InstanceId","Value":"i-00bbde5716f0d890b"},{"Name":"device","Value":"overlay"},{"Name":"fstype","Value":"overlay"}],"MetricName":"disk_used_percent","Namespace":"CWAgent"},{"Dimensions":[{"Name":"path","Value":"/var/lib/docker/overlay2/05ab78cbb38facdbd619591897c54e543a53b46ba35d5dc86129493855b53769/merged"},{"Name":"InstanceId","Value":"i-00bbde5716f0d890b"},{"Name":"device","Value":"overlay"},{"Name":"fstype","Value":"overlay"}],"MetricName":"disk_used_percent","Namespace":"CWAgent"},{"Dimensions":[{"Name":"InstanceId","Value":"i-00bbde5716f0d890b"}],"MetricName":"mem_used_percent","Namespace":"CWAgent"},{"Dimensions":[{"Name":"path","Value":"/boot/efi"},{"Name":"InstanceId","Value":"i-00bbde5716f0d890b"},{"Name":"device","Value":"nvme0n1p15"},{"Name":"fstype","Value":"vfat"}],"MetricName":"disk_used_percent","Namespace":"CWAgent"},{"Dimensions":[{"Name":"path","Value":"/run/credentials/serial-getty@ttyS0.service"},{"Name":"InstanceId","Value":"i-00bbde5716f0d890b"},{"Name":"device","Value":"tmpfs"},{"Name":"fstype","Value":"tmpfs"}],"MetricName":"disk_used_percent","Namespace":"CWAgent"},{"Dimensions":[{"Name":"path","Value":"/run/credentials/systemd-journald.service"},{"Name":"InstanceId","Value":"i-00bbde5716f0d890b"},{"Name":"device","Value":"tmpfs"},{"Name":"fstype","Value":"tmpfs"}],"MetricName":"disk_used_percent","Namespace":"CWAgent"},{"Dimensions":[{"Name":"InstanceId","Value":"i-00bbde5716f0d890b"}],"MetricName":"MetadataNoToken","Namespace":"AWS/EC2"}]}'
  recorded_at: Mon, 05 Jan 2026 18:57:15 GMT
- request:
    method: post
    uri: https://monitoring.us-east-1.amazonaws.com/
    body:
      encoding: UTF-8
      string: '{"Namespace":"AWS/EC2","MetricName":"CPUUtilization","Dimensions":[{"Name":"InstanceId","Value":"i-00bbde5716f0d890b"}],"Statistics":["Average"],"Period":60,"StartTime":1767637335,"EndTime":1767639435}'
    headers:
      Accept-Encoding:
      - ''
      Amz-Sdk-Invocation-Id:
      - fb972245-8810-4c03-8918-370379887fd8
      Content-Type:
      - application/x-amz-json-1.0
      X-Amz-Target:
      - GraniteServiceVersion20100801.GetMetricStatistics
      X-Amzn-Query-Mode:
      - 'true'
      X-Amz-Date:
      - 20260105T185715Z
      X-Amz-Content-Sha256:
      - feda1ba30177898c05e3cdc8aa8bac3c8d01443e2d0e6d8de4751fba906aaa65
      Authorization:
      - AWS4-HMAC-SHA256 Credential=AMAZON_CLIENT_ID/20260105/us-east-1/monitoring/aws4_request,
        SignedHeaders=amz-sdk-invocation-id;content-type;host;x-amz-content-sha256;x-amz-date;x-amz-target;x-amzn-query-mode,
        Signature=beb0b5b43ec105aea736bea89223749c35b92b1900a41ee9157dea0e98909de7
      User-Agent:
      - aws-sdk-ruby3/3.240.0 ua/2.1 api/cloudwatch#1.126.0 os/linux#gnu md/x86_64
        lang/ruby#3.3.8 md/3.3.8 m/Z,b,D,e
      Content-Length:
      - '201'
      Accept:
      - "*/*"
  response:
    status:
      code: 200
      message: OK
    headers:
      X-Amzn-Requestid:
      - 4b89198f-86ec-4694-9442-f324c69d60ce
      Content-Type:
      - application/x-amz-json-1.0
      Content-Length:
      - '542'
      Date:
      - Mon, 05 Jan 2026 18:57:15 GMT
    body:
      encoding: UTF-8
      string: '{"Datapoints":[{"Average":2.4444546148032282,"Timestamp":1.7676384E9,"Unit":"Percent"},{"Average":2.2216856718065565,"Timestamp":1.7676387E9,"Unit":"Percent"},{"Average":2.1138566878935405,"Timestamp":1.7676378E9,"Unit":"Percent"},{"Average":2.1966424589268527,"Timestamp":1.7676381E9,"Unit":"Percent"},{"Average":2.197807210429088,"Timestamp":1.7676375E9,"Unit":"Percent"},{"Average":2.3023353644688163,"Timestamp":1.767639E9,"Unit":"Percent"},{"Average":2.130599064533848,"Timestamp":1.7676393E9,"Unit":"Percent"}],"Label":"CPUUtilization"}'
  recorded_at: Mon, 05 Jan 2026 18:57:15 GMT
- request:
    method: post
    uri: https://monitoring.us-east-1.amazonaws.com/
    body:
      encoding: UTF-8
      string: '{"Namespace":"AWS/EC2","MetricName":"NetworkOut","Dimensions":[{"Name":"InstanceId","Value":"i-00bbde5716f0d890b"}],"Statistics":["Average"],"Period":60,"StartTime":1767637335,"EndTime":1767639435}'
    headers:
      Accept-Encoding:
      - ''
      Amz-Sdk-Invocation-Id:
      - ca25756c-2c89-4f56-96e8-7e8c9499cda4
      Content-Type:
      - application/x-amz-json-1.0
      X-Amz-Target:
      - GraniteServiceVersion20100801.GetMetricStatistics
      X-Amzn-Query-Mode:
      - 'true'
      X-Amz-Date:
      - 20260105T185715Z
      X-Amz-Content-Sha256:
      - 575ba4fbe5feb04ee07f36a6b186e4d77aa417f984d8bfcfb933f6279e787ffc
      Authorization:
      - AWS4-HMAC-SHA256 Credential=AMAZON_CLIENT_ID/20260105/us-east-1/monitoring/aws4_request,
        SignedHeaders=amz-sdk-invocation-id;content-type;host;x-amz-content-sha256;x-amz-date;x-amz-target;x-amzn-query-mode,
        Signature=fa18844b33f0501a2b78b184cfbc81f030987133ea89905be3d1c10927c2ab0e
      User-Agent:
      - aws-sdk-ruby3/3.240.0 ua/2.1 api/cloudwatch#1.126.0 os/linux#gnu md/x86_64
        lang/ruby#3.3.8 md/3.3.8 m/Z,b,D,e
      Content-Length:
      - '197'
      Accept:
      - "*/*"
  response:
    status:
      code: 200
      message: OK
    headers:
      X-Amzn-Requestid:
      - 60a85790-90af-448c-9bca-05856642803c
      Content-Type:
      - application/x-amz-json-1.0
      Content-Length:
      - '450'
      Date:
      - Mon, 05 Jan 2026 18:57:15 GMT
    body:
      encoding: UTF-8
      string: '{"Datapoints":[{"Average":96508.0,"Timestamp":1.767639E9,"Unit":"Bytes"},{"Average":85181.2,"Timestamp":1.7676387E9,"Unit":"Bytes"},{"Average":103773.2,"Timestamp":1.7676384E9,"Unit":"Bytes"},{"Average":80904.6,"Timestamp":1.7676381E9,"Unit":"Bytes"},{"Average":83745.2,"Timestamp":1.7676378E9,"Unit":"Bytes"},{"Average":83999.4,"Timestamp":1.7676375E9,"Unit":"Bytes"},{"Average":81623.5,"Timestamp":1.7676393E9,"Unit":"Bytes"}],"Label":"NetworkOut"}'
  recorded_at: Mon, 05 Jan 2026 18:57:15 GMT
- request:
    method: post
    uri: https://monitoring.us-east-1.amazonaws.com/
    body:
      encoding: UTF-8
      string: '{"Namespace":"AWS/EC2","MetricName":"NetworkIn","Dimensions":[{"Name":"InstanceId","Value":"i-00bbde5716f0d890b"}],"Statistics":["Average"],"Period":60,"StartTime":1767637335,"EndTime":1767639435}'
    headers:
      Accept-Encoding:
      - ''
      Amz-Sdk-Invocation-Id:
      - 9f2d3079-a100-440e-8fb4-effe7c8846ea
      Content-Type:
      - application/x-amz-json-1.0
      X-Amz-Target:
      - GraniteServiceVersion20100801.GetMetricStatistics
      X-Amzn-Query-Mode:
      - 'true'
      X-Amz-Date:
      - 20260105T185715Z
      X-Amz-Content-Sha256:
      - d38c5432cf95900f92ae8c54afe2a32ef8abd42dc74a63cc8f4c4da19114ff70
      Authorization:
      - AWS4-HMAC-SHA256 Credential=AMAZON_CLIENT_ID/20260105/us-east-1/monitoring/aws4_request,
        SignedHeaders=amz-sdk-invocation-id;content-type;host;x-amz-content-sha256;x-amz-date;x-amz-target;x-amzn-query-mode,
        Signature=a81fde5363564fbcead32488259cfccfd5c65120db294410bad50b4e9d10203a
      User-Agent:
      - aws-sdk-ruby3/3.240.0 ua/2.1 api/cloudwatch#1.126.0 os/linux#gnu md/x86_64
        lang/ruby#3.3.8 md/3.3.8 m/Z,b,D,e
      Content-Length:
      - '196'
      Accept:
      - "*/*"
  response:
    status:
      code: 200
      message: OK
    headers:
      X-Amzn-Requestid:
      - 7f952e7b-f81b-40c7-a702-3fe043c26f2d
      Content-Type:
      - application/x-amz-json-1.0
      Content-Length:
      - '448'
      Date:
      - Mon, 05 Jan 2026 18:57:15 GMT
    body:
      encoding: UTF-8
      string: '{"Datapoints":[{"Average":40912.8,"Timestamp":1.767639E9,"Unit":"Bytes"},{"Average":34164.8,"Timestamp":1.7676387E9,"Unit":"Bytes"},{"Average":75869.4,"Timestamp":1.7676384E9,"Unit":"Bytes"},{"Average":42093.6,"Timestamp":1.7676381E9,"Unit":"Bytes"},{"Average":33020.6,"Timestamp":1.7676378E9,"Unit":"Bytes"},{"Average":33455.6,"Timestamp":1.7676375E9,"Unit":"Bytes"},{"Average":29986.0,"Timestamp":1.7676393E9,"Unit":"Bytes"}],"Label":"NetworkIn"}'
  recorded_at: Mon, 05 Jan 2026 18:57:15 GMT
- request:
    method: post
    uri: https://monitoring.us-east-1.amazonaws.com/
    body:
      encoding: UTF-8
      string: '{"Namespace":"CWAgent","MetricName":"swap_used_percent","Dimensions":[{"Name":"InstanceId","Value":"i-00bbde5716f0d890b"}],"Statistics":["Average"],"Period":60,"StartTime":1767637335,"EndTime":1767639435}'
    headers:
      Accept-Encoding:
      - ''
      Amz-Sdk-Invocation-Id:
      - 641bbb13-1101-4678-9549-0737054d23f3
      Content-Type:
      - application/x-amz-json-1.0
      X-Amz-Target:
      - GraniteServiceVersion20100801.GetMetricStatistics
      X-Amzn-Query-Mode:
      - 'true'
      X-Amz-Date:
      - 20260105T185715Z
      X-Amz-Content-Sha256:
      - d853c8de355d8d4fd228ba9b54ca2e1c817679622a960bff4a2b4f3dd0b8c542
      Authorization:
      - AWS4-HMAC-SHA256 Credential=AMAZON_CLIENT_ID/20260105/us-east-1/monitoring/aws4_request,
        SignedHeaders=amz-sdk-invocation-id;content-type;host;x-amz-content-sha256;x-amz-date;x-amz-target;x-amzn-query-mode,
        Signature=fa689955c7e27b56577b29e5c9d8cccf3799fc8788e4438f1336a8de0c107017
      User-Agent:
      - aws-sdk-ruby3/3.240.0 ua/2.1 api/cloudwatch#1.126.0 os/linux#gnu md/x86_64
        lang/ruby#3.3.8 md/3.3.8 m/Z,b,D,e
      Content-Length:
      - '204'
      Accept:
      - "*/*"
  response:
    status:
      code: 200
      message: OK
    headers:
      X-Amzn-Requestid:
      - 76c0a47d-a0a3-42fa-95b3-d2084be37c50
      Content-Type:
      - application/x-amz-json-1.0
      Content-Length:
      - '2008'
      Date:
      - Mon, 05 Jan 2026 18:57:15 GMT
    body:
      encoding: UTF-8
      string: '{"Datapoints":[{"Average":0.0,"Timestamp":1.76763762E9,"Unit":"Percent"},{"Average":0.0,"Timestamp":1.7676387E9,"Unit":"Percent"},{"Average":0.0,"Timestamp":1.76763756E9,"Unit":"Percent"},{"Average":0.0,"Timestamp":1.76763864E9,"Unit":"Percent"},{"Average":0.0,"Timestamp":1.76763774E9,"Unit":"Percent"},{"Average":0.0,"Timestamp":1.76763882E9,"Unit":"Percent"},{"Average":0.0,"Timestamp":1.76763768E9,"Unit":"Percent"},{"Average":0.0,"Timestamp":1.76763876E9,"Unit":"Percent"},{"Average":0.0,"Timestamp":1.7676384E9,"Unit":"Percent"},{"Average":0.0,"Timestamp":1.76763738E9,"Unit":"Percent"},{"Average":0.0,"Timestamp":1.76763834E9,"Unit":"Percent"},{"Average":0.0,"Timestamp":1.76763732E9,"Unit":"Percent"},{"Average":0.0,"Timestamp":1.76763852E9,"Unit":"Percent"},{"Average":0.0,"Timestamp":1.7676375E9,"Unit":"Percent"},{"Average":0.0,"Timestamp":1.76763858E9,"Unit":"Percent"},{"Average":0.0,"Timestamp":1.76763846E9,"Unit":"Percent"},{"Average":0.0,"Timestamp":1.76763744E9,"Unit":"Percent"},{"Average":0.0,"Timestamp":1.76763816E9,"Unit":"Percent"},{"Average":0.0,"Timestamp":1.76763924E9,"Unit":"Percent"},{"Average":0.0,"Timestamp":1.76763912E9,"Unit":"Percent"},{"Average":0.0,"Timestamp":1.7676381E9,"Unit":"Percent"},{"Average":0.0,"Timestamp":1.76763918E9,"Unit":"Percent"},{"Average":0.0,"Timestamp":1.76763828E9,"Unit":"Percent"},{"Average":0.0,"Timestamp":1.76763822E9,"Unit":"Percent"},{"Average":0.0,"Timestamp":1.7676393E9,"Unit":"Percent"},{"Average":0.0,"Timestamp":1.76763786E9,"Unit":"Percent"},{"Average":0.0,"Timestamp":1.76763894E9,"Unit":"Percent"},{"Average":0.0,"Timestamp":1.7676378E9,"Unit":"Percent"},{"Average":0.0,"Timestamp":1.76763888E9,"Unit":"Percent"},{"Average":0.0,"Timestamp":1.76763906E9,"Unit":"Percent"},{"Average":0.0,"Timestamp":1.76763804E9,"Unit":"Percent"},{"Average":0.0,"Timestamp":1.76763792E9,"Unit":"Percent"},{"Average":0.0,"Timestamp":1.767639E9,"Unit":"Percent"},{"Average":0.0,"Timestamp":1.76763798E9,"Unit":"Percent"}],"Label":"swap_used_percent"}'
  recorded_at: Mon, 05 Jan 2026 18:57:15 GMT
- request:
    method: post
    uri: https://monitoring.us-east-1.amazonaws.com/
    body:
      encoding: UTF-8
      string: '{"Namespace":"CWAgent","MetricName":"mem_used_percent","Dimensions":[{"Name":"InstanceId","Value":"i-00bbde5716f0d890b"}],"Statistics":["Average"],"Period":60,"StartTime":1767637335,"EndTime":1767639435}'
    headers:
      Accept-Encoding:
      - ''
      Amz-Sdk-Invocation-Id:
      - 6bd274ce-158e-48cd-9a9b-234d264df64e
      Content-Type:
      - application/x-amz-json-1.0
      X-Amz-Target:
      - GraniteServiceVersion20100801.GetMetricStatistics
      X-Amzn-Query-Mode:
      - 'true'
      X-Amz-Date:
      - 20260105T185715Z
      X-Amz-Content-Sha256:
      - 60ae20a9033ad3f4fde6a5a530f22d8dc21d3360a073268701d39df34ac953f2
      Authorization:
      - AWS4-HMAC-SHA256 Credential=AMAZON_CLIENT_ID/20260105/us-east-1/monitoring/aws4_request,
        SignedHeaders=amz-sdk-invocation-id;content-type;host;x-amz-content-sha256;x-amz-date;x-amz-target;x-amzn-query-mode,
        Signature=afed24e0ed3156114b75fdbba11e02439eb6750c1d2247e265867dab6eb5c0d0
      User-Agent:
      - aws-sdk-ruby3/3.240.0 ua/2.1 api/cloudwatch#1.126.0 os/linux#gnu md/x86_64
        lang/ruby#3.3.8 md/3.3.8 m/Z,b,D,e
      Content-Length:
      - '203'
      Accept:
      - "*/*"
  response:
    status:
      code: 200
      message: OK
    headers:
      X-Amzn-Requestid:
      - 8ccbc85f-6a5f-453e-9c81-81629ce418f4
      Content-Type:
      - application/x-amz-json-1.0
      Content-Length:
      - '2498'
      Date:
      - Mon, 05 Jan 2026 18:57:15 GMT
    body:
      encoding: UTF-8
      string: '{"Datapoints":[{"Average":36.1338403900519,"Timestamp":1.76763762E9,"Unit":"Percent"},{"Average":35.749817516040444,"Timestamp":1.7676387E9,"Unit":"Percent"},{"Average":35.87130545596793,"Timestamp":1.76763756E9,"Unit":"Percent"},{"Average":35.787120866889545,"Timestamp":1.76763864E9,"Unit":"Percent"},{"Average":35.94056870470668,"Timestamp":1.76763774E9,"Unit":"Percent"},{"Average":35.73156912008453,"Timestamp":1.76763882E9,"Unit":"Percent"},{"Average":35.257312464965096,"Timestamp":1.76763768E9,"Unit":"Percent"},{"Average":35.392511906826314,"Timestamp":1.76763876E9,"Unit":"Percent"},{"Average":35.596772957691954,"Timestamp":1.7676384E9,"Unit":"Percent"},{"Average":35.95740562252235,"Timestamp":1.76763738E9,"Unit":"Percent"},{"Average":35.56430896046651,"Timestamp":1.76763834E9,"Unit":"Percent"},{"Average":36.016687704412284,"Timestamp":1.76763732E9,"Unit":"Percent"},{"Average":35.548581061189594,"Timestamp":1.76763852E9,"Unit":"Percent"},{"Average":35.890965330064084,"Timestamp":1.7676375E9,"Unit":"Percent"},{"Average":35.93905640669928,"Timestamp":1.76763858E9,"Unit":"Percent"},{"Average":35.622381203950525,"Timestamp":1.76763846E9,"Unit":"Percent"},{"Average":35.99380159456702,"Timestamp":1.76763744E9,"Unit":"Percent"},{"Average":35.44806365363133,"Timestamp":1.76763816E9,"Unit":"Percent"},{"Average":36.046732024825886,"Timestamp":1.76763924E9,"Unit":"Percent"},{"Average":35.95317118810164,"Timestamp":1.76763912E9,"Unit":"Percent"},{"Average":35.724209269781866,"Timestamp":1.7676381E9,"Unit":"Percent"},{"Average":35.99642291111317,"Timestamp":1.76763918E9,"Unit":"Percent"},{"Average":35.525694951344335,"Timestamp":1.76763828E9,"Unit":"Percent"},{"Average":35.648997648880695,"Timestamp":1.76763822E9,"Unit":"Percent"},{"Average":35.82775127335492,"Timestamp":1.7676393E9,"Unit":"Percent"},{"Average":36.006000798493346,"Timestamp":1.76763786E9,"Unit":"Percent"},{"Average":35.79498481652801,"Timestamp":1.76763894E9,"Unit":"Percent"},{"Average":35.782684792734514,"Timestamp":1.7676378E9,"Unit":"Percent"},{"Average":35.6630116104159,"Timestamp":1.76763888E9,"Unit":"Percent"},{"Average":35.851443942137465,"Timestamp":1.76763906E9,"Unit":"Percent"},{"Average":36.004488500485955,"Timestamp":1.76763804E9,"Unit":"Percent"},{"Average":35.82422257800433,"Timestamp":1.76763792E9,"Unit":"Percent"},{"Average":35.62873285558159,"Timestamp":1.767639E9,"Unit":"Percent"},{"Average":35.81041025620345,"Timestamp":1.76763798E9,"Unit":"Percent"}],"Label":"mem_used_percent"}'
  recorded_at: Mon, 05 Jan 2026 18:57:15 GMT
recorded_with: VCR 6.4.0
